// Jest Snapshot v1, https://goo.gl/fbAQLP

exports[`it should match snapshot 1`] = `
Array [
  <div>
    <div
      id="temp"
    >
      Temp (C): 
      <span />
    </div>
    <div
      id="humiditiy"
    >
      Humiditiy (%): 
      <span />
    </div>
    <div
      id="airPressure"
    >
      Air pressure (psi): 
      <span />
    </div>
  </div>,
]
`;
